>>> say_my_name = __import__('3-say_my_name').say_my_name
>>> say_my_name(1, "Vincent")
Traceback (most recent call last):
...
TypeError: first_name must be a string
>>> say_my_name("Sugira", 3)
Traceback (most recent call last):
...
TypeError: last_name must be a string
>>> say_my_name("Vincent", "Sugira")
My name is Vincent Sugira
>>> say_my_name("Sugira")
My name is Sugira
